// Jest Snapshot v1, https://jestjs.io/docs/snapshot-testing

exports[`Home snapshot testing 1`] = `
<DocumentFragment>
  <div
    class="css-1siqnk7"
  >
    <h1
      class="css-avxzv6"
    >
      Hamchance.com
    </h1>
    <div
      class="css-jdteb5"
    >
      登山とジョギング、子育てと株取引とお酒で忙しいWebエンジニアのアウトプット記録
    </div>
    <div
      class="css-1cxy7zb"
    >
      <div
        class="MuiPaper-root MuiPaper-elevation MuiPaper-rounded MuiPaper-elevation1 MuiCard-root css-1tddwb9-MuiPaper-root-MuiCard-root"
        style="--Paper-shadow: 0px 2px 1px -1px rgba(0,0,0,0.2),0px 1px 1px 0px rgba(0,0,0,0.14),0px 1px 3px 0px rgba(0,0,0,0.12);"
      >
        <div
          class="MuiCardHeader-root css-149tc0y-MuiCardHeader-root"
        >
          <div
            class="MuiCardHeader-avatar css-1r9wl67-MuiCardHeader-avatar"
          >
            <div
              class="MuiAvatar-root MuiAvatar-circular css-62crhu-MuiAvatar-root"
            >
              <img
                alt="ham"
                class="MuiAvatar-img css-1su80sj-MuiAvatar-img"
                src="/static/images/ham.svg"
              />
            </div>
          </div>
          <div
            class="MuiCardHeader-content css-1jkp9bu-MuiCardHeader-content"
          >
            <span
              class="MuiTypography-root MuiTypography-body2 MuiCardHeader-title css-7ctihp-MuiTypography-root"
            >
              Naoto Hamada
            </span>
            <span
              class="MuiTypography-root MuiTypography-body2 MuiCardHeader-subheader css-1a1whku-MuiTypography-root"
            >
              Software Engineer
            </span>
          </div>
        </div>
        <div
          class="MuiCardContent-root css-kacebu-MuiCardContent-root"
        >
          <div
            class="MuiGrid-root MuiGrid-container MuiGrid-direction-xs-row MuiGrid-spacing-xs-2 css-zjhuaj-MuiGrid-root"
          >
            <div
              class="MuiGrid-root MuiGrid-direction-xs-row MuiGrid-grid-xs-10 css-r13beu-MuiGrid-root"
            >
              <a
                class="MuiTypography-root MuiTypography-inherit MuiLink-root MuiLink-underlineNone css-6b04s2-MuiTypography-root-MuiLink-root"
                href="https://twitter.com/hamchance0215"
                rel="noopener noreferrer"
                target="_blank"
              >
                <div
                  class="MuiStack-root css-1xcvc1q-MuiStack-root"
                >
                  <div>
                    <svg
                      fill="black"
                      height="46"
                      viewBox="0 0 24 24"
                      width="46"
                      xmlns="http://www.w3.org/2000/svg"
                    >
                      <title>
                        X
                      </title>
                      <path
                        d="M18.901 1.153h3.68l-8.04 9.19L24 22.846h-7.406l-5.8-7.584-6.638 7.584H.474l8.6-9.83L0 1.154h7.594l5.243 6.932ZM17.61 20.644h2.039L6.486 3.24H4.298Z"
                      />
                    </svg>
                  </div>
                  <div>
                    <p
                      class="MuiTypography-root MuiTypography-body2 MuiTypography-noWrap css-96s4nc-MuiTypography-root"
                    >
                      X
                    </p>
                    <p
                      class="MuiTypography-root MuiTypography-body2 MuiTypography-noWrap css-96s4nc-MuiTypography-root"
                    >
                      @hamchance0215
                    </p>
                  </div>
                </div>
              </a>
            </div>
            <div
              class="MuiGrid-root MuiGrid-direction-xs-row MuiGrid-grid-xs-auto css-1hef13s-MuiGrid-root"
            >
              <div>
                <svg
                  aria-hidden="true"
                  class="MuiSvgIcon-root MuiSvgIcon-fontSizeMedium css-1umw9bq-MuiSvgIcon-root"
                  data-testid="QrCode2Icon"
                  focusable="false"
                  viewBox="0 0 24 24"
                >
                  <path
                    d="M15 21h-2v-2h2zm-2-7h-2v5h2zm8-2h-2v4h2zm-2-2h-2v2h2zM7 12H5v2h2zm-2-2H3v2h2zm7-5h2V3h-2zm-7.5-.5v3h3v-3zM9 9H3V3h6zm-4.5 7.5v3h3v-3zM9 21H3v-6h6zm7.5-16.5v3h3v-3zM21 9h-6V3h6zm-2 10v-3h-4v2h2v3h4v-2zm-2-7h-4v2h4zm-4-2H7v2h2v2h2v-2h2zm1-1V7h-2V5h-2v4zM6.75 5.25h-1.5v1.5h1.5zm0 12h-1.5v1.5h1.5zm12-12h-1.5v1.5h1.5z"
                  />
                </svg>
              </div>
            </div>
            <div
              class="MuiGrid-root MuiGrid-direction-xs-row MuiGrid-grid-xs-10 css-r13beu-MuiGrid-root"
            >
              <a
                class="MuiTypography-root MuiTypography-inherit MuiLink-root MuiLink-underlineNone css-6b04s2-MuiTypography-root-MuiLink-root"
                href="https://github.com/ham0215"
                rel="noopener noreferrer"
                target="_blank"
              >
                <div
                  class="MuiStack-root css-1xcvc1q-MuiStack-root"
                >
                  <div>
                    <svg
                      fill="black"
                      height="46"
                      viewBox="0 0 24 24"
                      width="46"
                      xmlns="http://www.w3.org/2000/svg"
                    >
                      <title>
                        GitHub
                      </title>
                      <path
                        d="M12 .297c-6.63 0-12 5.373-12 12 0 5.303 3.438 9.8 8.205 11.385.6.113.82-.258.82-.577 0-.285-.01-1.04-.015-2.04-3.338.724-4.042-1.61-4.042-1.61C4.422 18.07 3.633 17.7 3.633 17.7c-1.087-.744.084-.729.084-.729 1.205.084 1.838 1.236 1.838 1.236 1.07 1.835 2.809 1.305 3.495.998.108-.776.417-1.305.76-1.605-2.665-.3-5.466-1.332-5.466-5.93 0-1.31.465-2.38 1.235-3.22-.135-.303-.54-1.523.105-3.176 0 0 1.005-.322 3.3 1.23.96-.267 1.98-.399 3-.405 1.02.006 2.04.138 3 .405 2.28-1.552 3.285-1.23 3.285-1.23.645 1.653.24 2.873.12 3.176.765.84 1.23 1.91 1.23 3.22 0 4.61-2.805 5.625-5.475 5.92.42.36.81 1.096.81 2.22 0 1.606-.015 2.896-.015 3.286 0 .315.21.69.825.57C20.565 22.092 24 17.592 24 12.297c0-6.627-5.373-12-12-12"
                      />
                    </svg>
                  </div>
                  <div>
                    <p
                      class="MuiTypography-root MuiTypography-body2 MuiTypography-noWrap css-96s4nc-MuiTypography-root"
                    >
                      GitHub
                    </p>
                    <p
                      class="MuiTypography-root MuiTypography-body2 MuiTypography-noWrap css-96s4nc-MuiTypography-root"
                    >
                      ham0215
                    </p>
                  </div>
                </div>
              </a>
            </div>
            <div
              class="MuiGrid-root MuiGrid-direction-xs-row MuiGrid-grid-xs-10 css-r13beu-MuiGrid-root"
            >
              <a
                class="MuiTypography-root MuiTypography-inherit MuiLink-root MuiLink-underlineNone css-6b04s2-MuiTypography-root-MuiLink-root"
                href="https://qiita.com/ham0215"
                rel="noopener noreferrer"
                target="_blank"
              >
                <div
                  class="MuiStack-root css-1xcvc1q-MuiStack-root"
                >
                  <div>
                    <svg
                      fill="#55C460"
                      height="46"
                      viewBox="0 0 24 24"
                      width="46"
                      xmlns="http://www.w3.org/2000/svg"
                    >
                      <title>
                        Qiita
                      </title>
                      <path
                        d="M3.57 8.343a3.653 3.653 0 0 0-1.376.269 3.585 3.585 0 0 0-1.14.738 3.503 3.503 0 0 0-.773 1.102A3.297 3.297 0 0 0 0 11.814a3.28 3.28 0 0 0 .281 1.357 3.535 3.535 0 0 0 .775 1.107A3.636 3.636 0 0 0 3.6 15.29a3.731 3.731 0 0 0 .987-.13 3.657 3.657 0 0 0 .888-.374l.687.698a.579.579 0 0 0 .824 0 .58.58 0 0 0 0-.817l-.624-.624a3.533 3.533 0 0 0 .613-1.022 3.282 3.282 0 0 0 .226-1.208 3.297 3.297 0 0 0-.282-1.362 3.488 3.488 0 0 0-.775-1.102A3.614 3.614 0 0 0 5 8.612a3.657 3.657 0 0 0-1.398-.27 3.653 3.653 0 0 0-.031 0zm11.306.185v1.484h-.765v1.063h.765v2.142c0 .419.053.761.159 1.028a1.56 1.56 0 0 0 .433.63 1.511 1.511 0 0 0 .643.317 2.676 2.676 0 0 0 .694.086h.853v-1.013h-.736a1.25 1.25 0 0 1-.352-.048.713.713 0 0 1-.291-.169.81.81 0 0 1-.2-.324 1.575 1.575 0 0 1-.074-.519v-2.13h1.666v-1.063h-1.66V8.528zM9.4 8.856a.69.69 0 0 0-.69.691.69.69 0 0 0 .69.69.69.69 0 0 0 .691-.69.69.69 0 0 0-.69-.691zm2.771 0a.69.69 0 0 0-.69.691.69.69 0 0 0 .69.69.69.69 0 0 0 .691-.69.69.69 0 0 0-.69-.691zm-8.6.538a2.324 2.324 0 0 1 .03 0 2.35 2.35 0 0 1 .93.187 2.346 2.346 0 0 1 1.264 1.28 2.463 2.463 0 0 1 .186.957 2.444 2.444 0 0 1-.186.957 2.384 2.384 0 0 1-.506.767 2.363 2.363 0 0 1-1.688.698 2.324 2.324 0 0 1-.93-.186 2.376 2.376 0 0 1-.755-.512 2.427 2.427 0 0 1-.699-1.723 2.44 2.44 0 0 1 .699-1.727 2.384 2.384 0 0 1 .756-.511 2.324 2.324 0 0 1 .898-.187zm17.648.773a2.69 2.69 0 0 0-1.02.201 2.49 2.49 0 0 0-.815.552 2.432 2.432 0 0 0-.525.814 2.678 2.678 0 0 0-.186.998 2.644 2.644 0 0 0 .186.997 2.485 2.485 0 0 0 .525.814 2.436 2.436 0 0 0 .815.546 2.697 2.697 0 0 0 1.059.2 2.42 2.42 0 0 0 .518-.056 2.524 2.524 0 0 0 .46-.146 2.426 2.426 0 0 0 .394-.213 2.394 2.394 0 0 0 .329-.263l.065.53H24v-4.829h-.976l-.068.533a2.498 2.498 0 0 0-.322-.26 2.25 2.25 0 0 0-.394-.217 2.616 2.616 0 0 0-.462-.145 2.404 2.404 0 0 0-.521-.056 2.69 2.69 0 0 0-.038 0zm-12.375.844v4.138h1.113V11.01zm2.77 0v4.138h1.114V11.01zm9.72.145a1.592 1.592 0 0 1 .024 0 1.557 1.557 0 0 1 1.098.445 1.495 1.495 0 0 1 .334.495 1.61 1.61 0 0 1 .121.631 1.632 1.632 0 0 1-.121.64 1.551 1.551 0 0 1-.331.498 1.47 1.47 0 0 1-.49.324 1.642 1.642 0 0 1-1.207 0 1.502 1.502 0 0 1-.493-.324 1.52 1.52 0 0 1-.333-.5 1.64 1.64 0 0 1-.122-.638 1.628 1.628 0 0 1 .12-.637 1.524 1.524 0 0 1 .328-.495 1.474 1.474 0 0 1 .49-.323 1.592 1.592 0 0 1 .581-.116z"
                      />
                    </svg>
                  </div>
                  <div>
                    <p
                      class="MuiTypography-root MuiTypography-body2 MuiTypography-noWrap css-96s4nc-MuiTypography-root"
                    >
                      Qiita
                    </p>
                    <p
                      class="MuiTypography-root MuiTypography-body2 MuiTypography-noWrap css-96s4nc-MuiTypography-root"
                    >
                      @ham0215
                    </p>
                  </div>
                </div>
              </a>
            </div>
            <div
              class="MuiGrid-root MuiGrid-direction-xs-row MuiGrid-grid-xs-10 css-r13beu-MuiGrid-root"
            >
              <a
                class="MuiTypography-root MuiTypography-inherit MuiLink-root MuiLink-underlineNone css-6b04s2-MuiTypography-root-MuiLink-root"
                href="https://note.com/hamchance"
                rel="noopener noreferrer"
                target="_blank"
              >
                <div
                  class="MuiStack-root css-1xcvc1q-MuiStack-root"
                >
                  <div>
                    <img
                      alt="note"
                      data-nimg="1"
                      decoding="async"
                      height="46"
                      loading="lazy"
                      src="/static/images/note2.svg"
                      style="color: transparent;"
                      width="46"
                    />
                  </div>
                  <div>
                    <p
                      class="MuiTypography-root MuiTypography-body2 MuiTypography-noWrap css-96s4nc-MuiTypography-root"
                    >
                      Note
                    </p>
                    <p
                      class="MuiTypography-root MuiTypography-body2 MuiTypography-noWrap css-96s4nc-MuiTypography-root"
                    >
                      @hamchance
                    </p>
                  </div>
                </div>
              </a>
            </div>
            <div
              class="MuiGrid-root MuiGrid-direction-xs-row MuiGrid-grid-xs-10 css-r13beu-MuiGrid-root"
            >
              <a
                class="MuiTypography-root MuiTypography-inherit MuiLink-root MuiLink-underlineNone css-6b04s2-MuiTypography-root-MuiLink-root"
                href="https://speakerdeck.com/ham0215"
                rel="noopener noreferrer"
                target="_blank"
              >
                <div
                  class="MuiStack-root css-1xcvc1q-MuiStack-root"
                >
                  <div>
                    <svg
                      fill="#009287"
                      height="46"
                      viewBox="0 0 24 24"
                      width="46"
                      xmlns="http://www.w3.org/2000/svg"
                    >
                      <title>
                        Speaker Deck
                      </title>
                      <path
                        d="M10.025 13.875H4.687a4.688 4.688 0 0 1 0-9.375h6.227a1.875 1.875 0 0 1 0 3.75H4.592a.937.937 0 1 0 0 1.875h5.337a4.687 4.687 0 1 1 0 9.375H1.875a1.875 1.875 0 0 1 0-3.75h8.15a.938.938 0 0 0 0-1.875zM13.97 19.5a5.635 5.635 0 0 0 2.396-3.75h3.026a.93.93 0 0 0 .921-.938V9.189a.93.93 0 0 0-.921-.938h-5.497c.438-.498.704-1.155.704-1.875s-.266-1.377-.704-1.875h6.418C22.35 4.5 24 6.179 24 8.25v7.5c0 2.071-1.65 3.75-3.687 3.75H13.97z"
                      />
                    </svg>
                  </div>
                  <div>
                    <p
                      class="MuiTypography-root MuiTypography-body2 MuiTypography-noWrap css-96s4nc-MuiTypography-root"
                    >
                      Speaker Deck
                    </p>
                    <p
                      class="MuiTypography-root MuiTypography-body2 MuiTypography-noWrap css-96s4nc-MuiTypography-root"
                    >
                      ham0215
                    </p>
                  </div>
                </div>
              </a>
            </div>
            <div
              class="MuiGrid-root MuiGrid-direction-xs-row MuiGrid-grid-xs-10 css-r13beu-MuiGrid-root"
            >
              <a
                class="MuiTypography-root MuiTypography-inherit MuiLink-root MuiLink-underlineNone css-6b04s2-MuiTypography-root-MuiLink-root"
                href="https://zenn.dev/hamchance"
                rel="noopener noreferrer"
                target="_blank"
              >
                <div
                  class="MuiStack-root css-1xcvc1q-MuiStack-root"
                >
                  <div>
                    <svg
                      fill="#3EA8FF"
                      height="46"
                      viewBox="0 0 24 24"
                      width="46"
                      xmlns="http://www.w3.org/2000/svg"
                    >
                      <title>
                        Zenn
                      </title>
                      <path
                        d="M.264 23.771h4.984c.264 0 .498-.147.645-.352L19.614.874c.176-.293-.029-.645-.381-.645h-4.72c-.235 0-.44.117-.557.323L.03 23.361c-.088.176.029.41.234.41zM17.445 23.419l6.479-10.408c.205-.323-.029-.733-.41-.733h-4.691c-.176 0-.352.088-.44.235l-6.655 10.643c-.176.264.029.616.352.616h4.779c.234-.001.468-.118.586-.353z"
                      />
                    </svg>
                  </div>
                  <div>
                    <p
                      class="MuiTypography-root MuiTypography-body2 MuiTypography-noWrap css-96s4nc-MuiTypography-root"
                    >
                      Zenn
                    </p>
                    <p
                      class="MuiTypography-root MuiTypography-body2 MuiTypography-noWrap css-96s4nc-MuiTypography-root"
                    >
                      @hamchance
                    </p>
                  </div>
                </div>
              </a>
            </div>
            <div
              class="MuiGrid-root MuiGrid-direction-xs-row MuiGrid-grid-xs-10 css-r13beu-MuiGrid-root"
            >
              <a
                class="MuiTypography-root MuiTypography-inherit MuiLink-root MuiLink-underlineNone css-6b04s2-MuiTypography-root-MuiLink-root"
                href="https://sizu.me/ham"
                rel="noopener noreferrer"
                target="_blank"
              >
                <div
                  class="MuiStack-root css-1xcvc1q-MuiStack-root"
                >
                  <div>
                    <img
                      alt="しずかなインターネット"
                      data-nimg="1"
                      decoding="async"
                      height="46"
                      loading="lazy"
                      src="/static/images/sizu.svg"
                      style="color: transparent;"
                      width="46"
                    />
                  </div>
                  <div>
                    <p
                      class="MuiTypography-root MuiTypography-body2 MuiTypography-noWrap css-96s4nc-MuiTypography-root"
                    >
                      しずかなインターネット
                    </p>
                    <p
                      class="MuiTypography-root MuiTypography-body2 MuiTypography-noWrap css-96s4nc-MuiTypography-root"
                    >
                      ham
                    </p>
                  </div>
                </div>
              </a>
            </div>
            <div
              class="MuiGrid-root MuiGrid-direction-xs-row MuiGrid-grid-xs-10 css-r13beu-MuiGrid-root"
            >
              <a
                class="MuiTypography-root MuiTypography-inherit MuiLink-root MuiLink-underlineNone css-6b04s2-MuiTypography-root-MuiLink-root"
                href="https://www.linkedin.com/in/ham0215/"
                rel="noopener noreferrer"
                target="_blank"
              >
                <div
                  class="MuiStack-root css-1xcvc1q-MuiStack-root"
                >
                  <div>
                    <svg
                      fill="#2867B2"
                      height="46"
                      viewBox="0 0 24 24"
                      width="46"
                      xmlns="http://www.w3.org/2000/svg"
                    >
                      <title>
                        LinkedIn
                      </title>
                      <path
                        d="M20.447 20.452h-3.554v-5.569c0-1.328-.027-3.037-1.852-3.037-1.853 0-2.136 1.445-2.136 2.939v5.667H9.351V9h3.414v1.561h.046c.477-.9 1.637-1.85 3.37-1.85 3.601 0 4.267 2.37 4.267 5.455v6.286zM5.337 7.433c-1.144 0-2.063-.926-2.063-2.065 0-1.138.92-2.063 2.063-2.063 1.14 0 2.064.925 2.064 2.063 0 1.139-.925 2.065-2.064 2.065zm1.782 13.019H3.555V9h3.564v11.452zM22.225 0H1.771C.792 0 0 .774 0 1.729v20.542C0 23.227.792 24 1.771 24h20.451C23.2 24 24 23.227 24 22.271V1.729C24 .774 23.2 0 22.222 0h.003z"
                      />
                    </svg>
                  </div>
                  <div>
                    <p
                      class="MuiTypography-root MuiTypography-body2 MuiTypography-noWrap css-96s4nc-MuiTypography-root"
                    >
                      LinkedIn
                    </p>
                    <p
                      class="MuiTypography-root MuiTypography-body2 MuiTypography-noWrap css-96s4nc-MuiTypography-root"
                    >
                      ham0215
                    </p>
                  </div>
                </div>
              </a>
            </div>
            <div
              class="MuiGrid-root MuiGrid-direction-xs-row MuiGrid-grid-xs-10 css-r13beu-MuiGrid-root"
            >
              <a
                class="MuiTypography-root MuiTypography-inherit MuiLink-root MuiLink-underlineNone css-6b04s2-MuiTypography-root-MuiLink-root"
                href="https://www.wantedly.com/id/hamchance"
                rel="noopener noreferrer"
                target="_blank"
              >
                <div
                  class="MuiStack-root css-1xcvc1q-MuiStack-root"
                >
                  <div>
                    <img
                      alt="wantedly"
                      data-nimg="1"
                      decoding="async"
                      height="46"
                      loading="lazy"
                      src="/static/images/wantedly.svg"
                      style="color: transparent;"
                      width="46"
                    />
                  </div>
                  <div>
                    <p
                      class="MuiTypography-root MuiTypography-body2 MuiTypography-noWrap css-96s4nc-MuiTypography-root"
                    >
                      Wantedly
                    </p>
                    <p
                      class="MuiTypography-root MuiTypography-body2 MuiTypography-noWrap css-96s4nc-MuiTypography-root"
                    >
                      hamchance
                    </p>
                  </div>
                </div>
              </a>
            </div>
            <div
              class="MuiGrid-root MuiGrid-direction-xs-row MuiGrid-grid-xs-10 css-r13beu-MuiGrid-root"
            >
              <a
                class="MuiTypography-root MuiTypography-inherit MuiLink-root MuiLink-underlineNone css-6b04s2-MuiTypography-root-MuiLink-root"
                href="https://www.facebook.com/naoto.hamada.9"
                rel="noopener noreferrer"
                target="_blank"
              >
                <div
                  class="MuiStack-root css-1xcvc1q-MuiStack-root"
                >
                  <div>
                    <svg
                      fill="#3b5998"
                      height="46"
                      viewBox="0 0 24 24"
                      width="46"
                      xmlns="http://www.w3.org/2000/svg"
                    >
                      <title>
                        Facebook
                      </title>
                      <path
                        d="M24 12.073c0-6.627-5.373-12-12-12s-12 5.373-12 12c0 5.99 4.388 10.954 10.125 11.854v-8.385H7.078v-3.47h3.047V9.43c0-3.007 1.792-4.669 4.533-4.669 1.312 0 2.686.235 2.686.235v2.953H15.83c-1.491 0-1.956.925-1.956 1.874v2.25h3.328l-.532 3.47h-2.796v8.385C19.612 23.027 24 18.062 24 12.073z"
                      />
                    </svg>
                  </div>
                  <div>
                    <p
                      class="MuiTypography-root MuiTypography-body2 MuiTypography-noWrap css-96s4nc-MuiTypography-root"
                    >
                      Facebook
                    </p>
                    <p
                      class="MuiTypography-root MuiTypography-body2 MuiTypography-noWrap css-96s4nc-MuiTypography-root"
                    >
                      naoto.hamada
                    </p>
                  </div>
                </div>
              </a>
            </div>
            <div
              class="MuiGrid-root MuiGrid-direction-xs-row MuiGrid-grid-xs-10 css-r13beu-MuiGrid-root"
            >
              <a
                class="MuiTypography-root MuiTypography-inherit MuiLink-root MuiLink-underlineNone css-6b04s2-MuiTypography-root-MuiLink-root"
                href="https://youtrust.jp/users/ham"
                rel="noopener noreferrer"
                target="_blank"
              >
                <div
                  class="MuiStack-root css-1xcvc1q-MuiStack-root"
                >
                  <div>
                    <img
                      alt="youtrust"
                      data-nimg="1"
                      decoding="async"
                      height="46"
                      loading="lazy"
                      src="/_next/image?url=%2Fstatic%2Fimages%2Fyoutrust.avif&w=96&q=75"
                      srcset="/_next/image?url=%2Fstatic%2Fimages%2Fyoutrust.avif&w=48&q=75 1x, /_next/image?url=%2Fstatic%2Fimages%2Fyoutrust.avif&w=96&q=75 2x"
                      style="color: transparent;"
                      width="46"
                    />
                  </div>
                  <div>
                    <p
                      class="MuiTypography-root MuiTypography-body2 MuiTypography-noWrap css-96s4nc-MuiTypography-root"
                    >
                      YOUTRUST
                    </p>
                    <p
                      class="MuiTypography-root MuiTypography-body2 MuiTypography-noWrap css-96s4nc-MuiTypography-root"
                    >
                      ham
                    </p>
                  </div>
                </div>
              </a>
            </div>
            <div
              class="MuiGrid-root MuiGrid-direction-xs-row MuiGrid-grid-xs-10 css-r13beu-MuiGrid-root"
            >
              <a
                class="MuiTypography-root MuiTypography-inherit MuiLink-root MuiLink-underlineNone css-6b04s2-MuiTypography-root-MuiLink-root"
                href="https://connpass.com/user/ham0215/"
                rel="noopener noreferrer"
                target="_blank"
              >
                <div
                  class="MuiStack-root css-1xcvc1q-MuiStack-root"
                >
                  <div>
                    <img
                      alt="connpass"
                      data-nimg="1"
                      decoding="async"
                      height="46"
                      loading="lazy"
                      src="/_next/image?url=%2Fstatic%2Fimages%2Fconnpass.png&w=96&q=75"
                      srcset="/_next/image?url=%2Fstatic%2Fimages%2Fconnpass.png&w=48&q=75 1x, /_next/image?url=%2Fstatic%2Fimages%2Fconnpass.png&w=96&q=75 2x"
                      style="color: transparent;"
                      width="46"
                    />
                  </div>
                  <div>
                    <p
                      class="MuiTypography-root MuiTypography-body2 MuiTypography-noWrap css-96s4nc-MuiTypography-root"
                    >
                      connpass
                    </p>
                    <p
                      class="MuiTypography-root MuiTypography-body2 MuiTypography-noWrap css-96s4nc-MuiTypography-root"
                    >
                      ham0215
                    </p>
                  </div>
                </div>
              </a>
            </div>
            <div
              class="MuiGrid-root MuiGrid-direction-xs-row MuiGrid-grid-xs-10 css-r13beu-MuiGrid-root"
            >
              <a
                class="MuiTypography-root MuiTypography-inherit MuiLink-root MuiLink-underlineNone css-6b04s2-MuiTypography-root-MuiLink-root"
                href="https://hamchance.hatenablog.jp/"
                rel="noopener noreferrer"
                target="_blank"
              >
                <div
                  class="MuiStack-root css-1xcvc1q-MuiStack-root"
                >
                  <div>
                    <img
                      alt="はてなブログ"
                      data-nimg="1"
                      decoding="async"
                      height="46"
                      loading="lazy"
                      src="/static/images/hatenablog.svg"
                      style="color: transparent;"
                      width="46"
                    />
                  </div>
                  <div>
                    <p
                      class="MuiTypography-root MuiTypography-body2 MuiTypography-noWrap css-96s4nc-MuiTypography-root"
                    >
                      はてなブログ
                    </p>
                    <p
                      class="MuiTypography-root MuiTypography-body2 MuiTypography-noWrap css-96s4nc-MuiTypography-root"
                    >
                      hamchance0215
                    </p>
                  </div>
                </div>
              </a>
            </div>
            <div
              class="MuiGrid-root MuiGrid-direction-xs-row MuiGrid-grid-xs-10 css-r13beu-MuiGrid-root"
            >
              <a
                class="MuiTypography-root MuiTypography-inherit MuiLink-root MuiLink-underlineNone css-6b04s2-MuiTypography-root-MuiLink-root"
                href="https://findy-code.io/skills-share/2XRMHItDvoLRN"
                rel="noopener noreferrer"
                target="_blank"
              >
                <div
                  class="MuiStack-root css-1xcvc1q-MuiStack-root"
                >
                  <div>
                    <img
                      alt="findy"
                      data-nimg="1"
                      decoding="async"
                      height="46"
                      loading="lazy"
                      src="/_next/image?url=%2Fstatic%2Fimages%2Ffindy.jpg&w=96&q=75"
                      srcset="/_next/image?url=%2Fstatic%2Fimages%2Ffindy.jpg&w=48&q=75 1x, /_next/image?url=%2Fstatic%2Fimages%2Ffindy.jpg&w=96&q=75 2x"
                      style="color: transparent;"
                      width="46"
                    />
                  </div>
                  <div>
                    <p
                      class="MuiTypography-root MuiTypography-body2 MuiTypography-noWrap css-96s4nc-MuiTypography-root"
                    >
                      Findy
                    </p>
                    <p
                      class="MuiTypography-root MuiTypography-body2 MuiTypography-noWrap css-96s4nc-MuiTypography-root"
                    >
                      hamada
                    </p>
                  </div>
                </div>
              </a>
            </div>
            <div
              class="MuiGrid-root MuiGrid-direction-xs-row MuiGrid-grid-xs-10 css-r13beu-MuiGrid-root"
            >
              <a
                class="MuiTypography-root MuiTypography-inherit MuiLink-root MuiLink-underlineNone css-6b04s2-MuiTypography-root-MuiLink-root"
                href="https://lapras.com/public/ham"
                rel="noopener noreferrer"
                target="_blank"
              >
                <div
                  class="MuiStack-root css-1xcvc1q-MuiStack-root"
                >
                  <div>
                    <img
                      alt="lapras"
                      data-nimg="1"
                      decoding="async"
                      height="46"
                      loading="lazy"
                      src="/_next/image?url=%2Fstatic%2Fimages%2Flapras.png&w=96&q=75"
                      srcset="/_next/image?url=%2Fstatic%2Fimages%2Flapras.png&w=48&q=75 1x, /_next/image?url=%2Fstatic%2Fimages%2Flapras.png&w=96&q=75 2x"
                      style="color: transparent;"
                      width="46"
                    />
                  </div>
                  <div>
                    <p
                      class="MuiTypography-root MuiTypography-body2 MuiTypography-noWrap css-96s4nc-MuiTypography-root"
                    >
                      LAPRAS
                    </p>
                    <p
                      class="MuiTypography-root MuiTypography-body2 MuiTypography-noWrap css-96s4nc-MuiTypography-root"
                    >
                      ham
                    </p>
                  </div>
                </div>
              </a>
            </div>
            <div
              class="MuiGrid-root MuiGrid-direction-xs-row MuiGrid-grid-xs-10 css-r13beu-MuiGrid-root"
            >
              <a
                class="MuiTypography-root MuiTypography-inherit MuiLink-root MuiLink-underlineNone css-6b04s2-MuiTypography-root-MuiLink-root"
                href="https://bsky.app/profile/hamchance.bsky.social"
                rel="noopener noreferrer"
                target="_blank"
              >
                <div
                  class="MuiStack-root css-1xcvc1q-MuiStack-root"
                >
                  <div>
                    <img
                      alt="bluesky"
                      data-nimg="1"
                      decoding="async"
                      height="46"
                      loading="lazy"
                      src="/_next/image?url=%2Fstatic%2Fimages%2Fbluesky.jpg&w=96&q=75"
                      srcset="/_next/image?url=%2Fstatic%2Fimages%2Fbluesky.jpg&w=48&q=75 1x, /_next/image?url=%2Fstatic%2Fimages%2Fbluesky.jpg&w=96&q=75 2x"
                      style="color: transparent;"
                      width="46"
                    />
                  </div>
                  <div>
                    <p
                      class="MuiTypography-root MuiTypography-body2 MuiTypography-noWrap css-96s4nc-MuiTypography-root"
                    >
                      Bluesky
                    </p>
                    <p
                      class="MuiTypography-root MuiTypography-body2 MuiTypography-noWrap css-96s4nc-MuiTypography-root"
                    >
                      @hamchance.bsky.social
                    </p>
                  </div>
                </div>
              </a>
            </div>
          </div>
        </div>
      </div>
    </div>
  </div>
</DocumentFragment>
`;
