// Jest Snapshot v1, https://goo.gl/fbAQLP

exports[`Home snapshot testing 1`] = `
<DocumentFragment>
  <header
    class="MuiPaper-root MuiPaper-elevation MuiPaper-elevation4 MuiAppBar-root MuiAppBar-colorPrimary MuiAppBar-positionStatic css-hip9hq-MuiPaper-root-MuiAppBar-root"
  >
    <div
      class="MuiToolbar-root MuiToolbar-gutters MuiToolbar-dense css-10ltm04-MuiToolbar-root"
    >
      <div
        class="MuiTypography-root MuiTypography-h6 css-mdmrp0-MuiTypography-root"
      >
        <a
          class="MuiTypography-root MuiTypography-inherit MuiLink-root MuiLink-underlineNone css-189vkvf-MuiTypography-root-MuiLink-root"
          href="/"
        >
          Hamchance.com
        </a>
      </div>
      <button
        class="MuiButtonBase-root MuiIconButton-root MuiIconButton-colorInherit MuiIconButton-sizeMedium css-whjmaz-MuiButtonBase-root-MuiIconButton-root"
        tabindex="0"
        type="button"
      >
        <svg
          aria-hidden="true"
          class="MuiSvgIcon-root MuiSvgIcon-fontSizeMedium css-i4bv87-MuiSvgIcon-root"
          data-testid="Brightness7Icon"
          focusable="false"
          viewBox="0 0 24 24"
        >
          <path
            d="M20 8.69V4h-4.69L12 .69 8.69 4H4v4.69L.69 12 4 15.31V20h4.69L12 23.31 15.31 20H20v-4.69L23.31 12 20 8.69zM12 18c-3.31 0-6-2.69-6-6s2.69-6 6-6 6 2.69 6 6-2.69 6-6 6zm0-10c-2.21 0-4 1.79-4 4s1.79 4 4 4 4-1.79 4-4-1.79-4-4-4z"
          />
        </svg>
        <span
          class="MuiTouchRipple-root css-8je8zh-MuiTouchRipple-root"
        />
      </button>
    </div>
  </header>
  <div>
    hoge
  </div>
  <footer
    class="css-1wbkctp"
  >
    <p
      class="MuiTypography-root MuiTypography-body2 css-e784if-MuiTypography-root"
    >
      Copyright Â© Ham 2022.
    </p>
  </footer>
</DocumentFragment>
`;
